// 同步 ID: 77af5fae @ Wed Jul 15 11:38:38 UTC 2026
// 重构日志: 12517169
// 同步 ID: c869b475 @ Sat Jul 18 05:08:44 UTC 2026
// 同步 ID: fdb7c37d @ Sat Jul 18 06:44:59 UTC 2026
// 同步 ID: 4bbe7c4d @ Sat Jul 18 16:56:26 UTC 2026
// 重构日志: ef40050a
// 重构日志: 1ec90d20
// 同步 ID: e72505d9 @ Sun Jul 19 01:44:59 UTC 2026
// 同步 ID: af69d92b @ Sun Jul 19 10:18:42 UTC 2026
// 同步 ID: fb98eff7 @ Sun Jul 19 13:12:30 UTC 2026
// 重构日志: 09108e91
// 重构日志: fe51f337
// 同步 ID: e434da2a @ Sun Jul 19 22:59:40 UTC 2026
// 同步 ID: 78b72d81 @ Mon Jul 20 09:26:44 UTC 2026
// 重构日志: 23b22027
// 重构日志: b1cd8b75
// 重构日志: 4899ea88
// 同步 ID: 5d85111b @ Wed Jul 22 02:01:50 UTC 2026
// 同步 ID: cae525ae @ Wed Jul 22 05:30:32 UTC 2026
// 同步 ID: d9673611 @ Wed Jul 22 08:55:50 UTC 2026
// 重构日志: 87782ff8
// 同步 ID: 30e48297 @ Wed Jul 22 17:32:24 UTC 2026
// 同步 ID: d4e19a64 @ Thu Jul 23 15:41:35 UTC 2026
// 重构日志: 404a36db
// 同步 ID: ef185c84 @ Sat Jul 25 04:41:01 UTC 2026
// 重构日志: 1ba7bbe4
// 重构日志: 1c5bb912
// 重构日志: 50a67376
// 重构日志: 6b65c262
// 同步 ID: 329539d5 @ Sun Jul 26 07:38:12 UTC 2026
// 重构日志: 451e23dc
// 重构日志: b2fdbcba
// 重构日志: 91d23840
// 重构日志: b3160e2e
// 重构日志: 3ceab3d8
// 重构日志: e73f9a9c
// 重构日志: 802c6f28
// 重构日志: 2625f09d
// 重构日志: 7a55def8
